// Jest Snapshot v1, https://goo.gl/fbAQLP

exports[`getStatesAbbrList should return list of abbreviations 1`] = `
Array [
  "TST",
]
`;

exports[`zipLookup should reject on invalid zip 1`] = `"Zip code is required"`;

exports[`zipLookup should resolve correct zip 1`] = `"TST"`;
